// Jest Snapshot v1, https://goo.gl/fbAQLP

exports[`CardContainer should match the snapshot 1`] = `
<section
  className="card-container"
>
  <Connect(VocabCard)
    wordDetails={
      Object {
        "desc": "this is a desc",
        "word": "word",
      }
    }
  />
</section>
`;
